// Jest Snapshot v1, https://goo.gl/fbAQLP

exports[`Table  renders correctly 1`] = `
.c0 {
  display: -webkit-box;
  display: -webkit-flex;
  display: -ms-flexbox;
  display: flex;
  -webkit-flex-direction: column;
  -ms-flex-direction: column;
  flex-direction: column;
}

.c0 .table,
.c0 td,
.c0 th {
  border: 1px solid #ddd;
  text-align: left;
}

<div
  className="c0"
>
  <table>
    <thead>
      <tr
        id="1"
      >
        <th>
          Nome
        </th>
        <th>
          Débito
        </th>
        <th>
          Boleto
        </th>
        <th>
          Financiamento
        </th>
        <th>
          Crédito
        </th>
        <th>
          Recebimento Empréstimo
        </th>
        <th>
          Vendas
        </th>
        <th>
          Recebimento TED
        </th>
        <th>
          Recebimento DOC
        </th>
        <th>
          Aluguel
        </th>
      </tr>
    </thead>
    <tbody />
  </table>
</div>
`;
