// Jest Snapshot v1, https://goo.gl/fbAQLP

exports[`Heading  renders correctly 1`] = `
.c0 {
  color: black;
}

<h1
  className="c0"
>
  Render Test
</h1>
`;
